// Jest Snapshot v1, https://goo.gl/fbAQLP

exports[`textInput renders without crashing 1`] = `ReactWrapper {}`;
